../Core/Src/main.c:74:6:HAL_TIM_PWM_PulseFinishedCallback	16	static
../Core/Src/main.c:80:6:Set_LED	24	static
../Core/Src/main.c:88:6:SET_BRIGHTNESS	40	static
../Core/Src/main.c:106:6:WS1282B_SEND	32	static
../Core/Src/main.c:137:5:main	8	static
../Core/Src/main.c:191:6:SystemClock_Config	72	static
../Core/Src/main.c:231:13:MX_TIM1_Init	96	static
../Core/Src/main.c:306:13:MX_USART2_UART_Init	8	static
../Core/Src/main.c:337:13:MX_DMA_Init	16	static
../Core/Src/main.c:355:13:MX_GPIO_Init	40	static
../Core/Src/main.c:401:6:Error_Handler	4	static,ignoring_inline_asm
