18:40:17 **** Incremental Build of configuration Debug for project blackpill-stm32f411ce-blink ****
make -j12 all 
arm-none-eabi-gcc "../Core/Src/main.c" -mcpu=cortex-m4 -std=gnu11 -g3 -DDEBUG -DUSE_HAL_DRIVER -DSTM32F411xE -c -I../Core/Inc -I../Drivers/STM32F4xx_HAL_Driver/Inc -I../Drivers/STM32F4xx_HAL_Driver/Inc/Legacy -I../Drivers/CMSIS/Device/ST/STM32F4xx/Include -I../Drivers/CMSIS/Include -O0 -ffunction-sections -fdata-sections -Wall -fstack-usage -fcyclomatic-complexity -MMD -MP -MF"Core/Src/main.d" -MT"Core/Src/main.o" --specs=nano.specs -mfpu=fpv4-sp-d16 -mfloat-abi=hard -mthumb -o "Core/Src/main.o"
arm-none-eabi-gcc -o "blackpill-stm32f411ce-blink.elf" @"objects.list"   -mcpu=cortex-m4 -T"C:\Users\prana\STM32CubeIDE\workspace_1.18.1\blackpill-stm32f411ce-blink\STM32F411CEUX_FLASH.ld" --specs=nosys.specs -Wl,-Map="blackpill-stm32f411ce-blink.map" -Wl,--gc-sections -static --specs=nano.specs -mfpu=fpv4-sp-d16 -mfloat-abi=hard -mthumb -Wl,--start-group -lc -lm -Wl,--end-group
Finished building target: blackpill-stm32f411ce-blink.elf
 
arm-none-eabi-size  blackpill-stm32f411ce-blink.elf 
arm-none-eabi-objdump -h -S blackpill-stm32f411ce-blink.elf  > "blackpill-stm32f411ce-blink.list"
arm-none-eabi-objcopy  -O ihex blackpill-stm32f411ce-blink.elf  "blackpill-stm32f411ce-blink.hex"
   text	   data	    bss	    dec	    hex	filename
   5852	     12	   1572	   7436	   1d0c	blackpill-stm32f411ce-blink.elf
arm-none-eabi-objcopy  -O binary blackpill-stm32f411ce-blink.elf  "blackpill-stm32f411ce-blink.bin"
Finished building: default.size.stdout
 
Finished building: blackpill-stm32f411ce-blink.list
 
Finished building: blackpill-stm32f411ce-blink.bin
Finished building: blackpill-stm32f411ce-blink.hex
 
 

18:40:22 Build Finished. 0 errors, 0 warnings. (took 4s.889ms)

