17:23:33 **** Incremental Build of configuration Debug for project blackpill-f411ce-OLED_control ****
make -j12 all 
arm-none-eabi-gcc "../Core/Src/main.c" -mcpu=cortex-m4 -std=gnu11 -g3 -DDEBUG -DUSE_HAL_DRIVER -DSTM32F411xE -c -I../Core/Inc -I../Drivers/STM32F4xx_HAL_Driver/Inc -I../Drivers/STM32F4xx_HAL_Driver/Inc/Legacy -I../Drivers/CMSIS/Device/ST/STM32F4xx/Include -I../Drivers/CMSIS/Include -O0 -ffunction-sections -fdata-sections -Wall -fstack-usage -fcyclomatic-complexity -MMD -MP -MF"Core/Src/main.d" -MT"Core/Src/main.o" --specs=nano.specs -mfpu=fpv4-sp-d16 -mfloat-abi=hard -mthumb -o "Core/Src/main.o"
arm-none-eabi-gcc -o "blackpill-f411ce-OLED_control.elf" @"objects.list"   -mcpu=cortex-m4 -T"C:\Users\prana\STM32CubeIDE\workspace_1.18.1\blackpill-f411ce-OLED_control\STM32F411CEUX_FLASH.ld" --specs=nosys.specs -Wl,-Map="blackpill-f411ce-OLED_control.map" -Wl,--gc-sections -static --specs=nano.specs -mfpu=fpv4-sp-d16 -mfloat-abi=hard -mthumb -Wl,--start-group -lc -lm -Wl,--end-group
Finished building target: blackpill-f411ce-OLED_control.elf
 
arm-none-eabi-size  blackpill-f411ce-OLED_control.elf 
arm-none-eabi-objdump -h -S blackpill-f411ce-OLED_control.elf  > "blackpill-f411ce-OLED_control.list"
   text	   data	    bss	    dec	    hex	filename
  43940	     92	   3020	  47052	   b7cc	blackpill-f411ce-OLED_control.elf
Finished building: default.size.stdout
 
Finished building: blackpill-f411ce-OLED_control.list
 
17:23:39 **** Incremental Build of configuration Debug for project blackpill-f411ce-helloWorld ****
make -j12 all 
arm-none-eabi-gcc "../Core/Src/main.c" -mcpu=cortex-m4 -std=gnu11 -g3 -DDEBUG -DUSE_HAL_DRIVER -DSTM32F411xE -c -I../Core/Inc -I../Drivers/STM32F4xx_HAL_Driver/Inc -I../Drivers/STM32F4xx_HAL_Driver/Inc/Legacy -I../Drivers/CMSIS/Device/ST/STM32F4xx/Include -I../Drivers/CMSIS/Include -O0 -ffunction-sections -fdata-sections -Wall -fstack-usage -fcyclomatic-complexity -MMD -MP -MF"Core/Src/main.d" -MT"Core/Src/main.o" --specs=nano.specs -mfpu=fpv4-sp-d16 -mfloat-abi=hard -mthumb -o "Core/Src/main.o"
arm-none-eabi-gcc -o "blackpill-f411ce-helloWorld.elf" @"objects.list"   -mcpu=cortex-m4 -T"C:\Users\prana\STM32CubeIDE\workspace_1.18.1\blackpill-f411ce-helloWorld\STM32F411CEUX_FLASH.ld" --specs=nosys.specs -Wl,-Map="blackpill-f411ce-helloWorld.map" -Wl,--gc-sections -static --specs=nano.specs -mfpu=fpv4-sp-d16 -mfloat-abi=hard -mthumb -Wl,--start-group -lc -lm -Wl,--end-group
Finished building target: blackpill-f411ce-helloWorld.elf
 
arm-none-eabi-size  blackpill-f411ce-helloWorld.elf 
arm-none-eabi-objdump -h -S blackpill-f411ce-helloWorld.elf  > "blackpill-f411ce-helloWorld.list"
   text	   data	    bss	    dec	    hex	filename
   5880	     12	   1572	   7464	   1d28	blackpill-f411ce-helloWorld.elf
Finished building: default.size.stdout
 
Finished building: blackpill-f411ce-helloWorld.list
 
17:24:14 **** Incremental Build of configuration Debug for project blackpill-f411ce-helloWorld ****
make -j12 all 
arm-none-eabi-size  blackpill-f411ce-helloWorld.elf 
   text	   data	    bss	    dec	    hex	filename
   5880	     12	   1572	   7464	   1d28	blackpill-f411ce-helloWorld.elf
Finished building: default.size.stdout
 
17:32:16 **** Incremental Build of configuration Debug for project blackpill-f411ce-OLED_control ****
make -j12 all 
arm-none-eabi-size  blackpill-f411ce-OLED_control.elf 
   text	   data	    bss	    dec	    hex	filename
  43940	     92	   3020	  47052	   b7cc	blackpill-f411ce-OLED_control.elf
Finished building: default.size.stdout
 
