13:59:42 **** Incremental Build of configuration Debug for project nucleo-f103rb-pwm ****
make -j12 all 
arm-none-eabi-gcc "../Core/Src/main.c" -mcpu=cortex-m3 -std=gnu11 -g3 -DDEBUG -DUSE_HAL_DRIVER -DSTM32F103xB -c -I../Core/Inc -I../Drivers/STM32F1xx_HAL_Driver/Inc -I../Drivers/STM32F1xx_HAL_Driver/Inc/Legacy -I../Drivers/CMSIS/Device/ST/STM32F1xx/Include -I../Drivers/CMSIS/Include -O0 -ffunction-sections -fdata-sections -Wall -fstack-usage -fcyclomatic-complexity -MMD -MP -MF"Core/Src/main.d" -MT"Core/Src/main.o" --specs=nano.specs -mfloat-abi=soft -mthumb -o "Core/Src/main.o"
arm-none-eabi-gcc -o "nucleo-f103rb-pwm.elf" @"objects.list"   -mcpu=cortex-m3 -T"C:\Users\prana\STM32CubeIDE\workspace_1.18.1\nucleo-f103rb-pwm\STM32F103RBTX_FLASH.ld" --specs=nosys.specs -Wl,-Map="nucleo-f103rb-pwm.map" -Wl,--gc-sections -static --specs=nano.specs -mfloat-abi=soft -mthumb -Wl,--start-group -lc -lm -Wl,--end-group
Finished building target: nucleo-f103rb-pwm.elf
 
arm-none-eabi-size  nucleo-f103rb-pwm.elf 
arm-none-eabi-objdump -h -S nucleo-f103rb-pwm.elf  > "nucleo-f103rb-pwm.list"
   text	   data	    bss	    dec	    hex	filename
  20356	     12	   2332	  22700	   58ac	nucleo-f103rb-pwm.elf
Finished building: default.size.stdout
 
Finished building: nucleo-f103rb-pwm.list
 
